[themewagon.github.io/videograph/index.html]
[backblue.gif]
[fade.gif]
[index.html]
[themewagon.github.io/videograph/css/bootstrap.min.css]
[themewagon.github.io/videograph/css/font-awesome.min.css]
[themewagon.github.io/videograph/css/elegant-icons.css]
[themewagon.github.io/videograph/css/owl.carousel.min.css]
[themewagon.github.io/videograph/css/magnific-popup.css]
[themewagon.github.io/videograph/css/slicknav.min.css]
[themewagon.github.io/videograph/css/style.css]
[themewagon.github.io/videograph/img/logo.png]
[themewagon.github.io/videograph/about.html]
[themewagon.github.io/videograph/portfolio.html]
[themewagon.github.io/videograph/services.html]
[themewagon.github.io/videograph/blog.html]
[themewagon.github.io/videograph/blog-details.html]
[themewagon.github.io/videograph/contact.html]
[themewagon.github.io/videograph/img/hero/hero-1.jpg]
[themewagon.github.io/videograph/img/icons/si-1.png]
[themewagon.github.io/videograph/img/icons/si-2.png]
[themewagon.github.io/videograph/img/icons/si-3.png]
[themewagon.github.io/videograph/img/icons/si-4.png]
[themewagon.github.io/videograph/img/work/work-1.jpg]
[themewagon.github.io/videograph/img/work/work-2.jpg]
[themewagon.github.io/videograph/img/work/work-3.jpg]
[themewagon.github.io/videograph/img/work/work-4.jpg]
[themewagon.github.io/videograph/img/work/work-5.jpg]
[themewagon.github.io/videograph/img/work/work-6.jpg]
[themewagon.github.io/videograph/img/work/work-7.jpg]
[themewagon.github.io/videograph/img/icons/ci-1.png]
[themewagon.github.io/videograph/img/icons/ci-2.png]
[themewagon.github.io/videograph/img/icons/ci-3.png]
[themewagon.github.io/videograph/img/icons/ci-4.png]
[themewagon.github.io/videograph/img/team-bg.jpg]
[themewagon.github.io/videograph/img/team/team-1.jpg]
[themewagon.github.io/videograph/img/team/team-2.jpg]
[themewagon.github.io/videograph/img/team/team-3.jpg]
[themewagon.github.io/videograph/img/team/team-4.jpg]
[themewagon.github.io/videograph/img/callto-bg.jpg]
[themewagon.github.io/videograph/js/jquery-3.3.1.min.js]
[themewagon.github.io/videograph/js/bootstrap.min.js]
[themewagon.github.io/videograph/js/jquery.magnific-popup.min.js]
[themewagon.github.io/videograph/js/mixitup.min.js]
[themewagon.github.io/videograph/js/masonry.pkgd.min.js]
[themewagon.github.io/videograph/js/jquery.slicknav.js]
[themewagon.github.io/videograph/js/owl.carousel.min.js]
[themewagon.github.io/videograph/js/main.js]
[themewagon.github.io/videograph/index.html]
[themewagon.github.io/videograph/css/bootstrap.min.css]
[themewagon.github.io/videograph/fonts/fontawesome-webfont3e6e.eot]
[themewagon.github.io/videograph/fonts/fontawesome-webfontd41d.eot]
[themewagon.github.io/videograph/fonts/fontawesome-webfont3e6e.woff2]
[themewagon.github.io/videograph/fonts/fontawesome-webfont3e6e.woff]
[themewagon.github.io/videograph/fonts/fontawesome-webfont3e6e.ttf]
[themewagon.github.io/videograph/css/font-awesome.min.css]
[themewagon.github.io/videograph/fonts/fontawesome-webfont3e6e.svg]
[themewagon.github.io/videograph/fonts/ElegantIcons.eot]
[themewagon.github.io/videograph/fonts/ElegantIconsd41d.eot]
[themewagon.github.io/videograph/fonts/ElegantIcons.woff]
[themewagon.github.io/videograph/fonts/ElegantIcons.ttf]
[themewagon.github.io/videograph/css/elegant-icons.css]
[themewagon.github.io/videograph/fonts/ElegantIcons.svg]
[themewagon.github.io/videograph/css/owl.video.play.png]
[themewagon.github.io/videograph/css/owl.carousel.min.css]
[themewagon.github.io/videograph/css/magnific-popup.css]
[themewagon.github.io/videograph/css/slicknav.min.css]
[themewagon.github.io/videograph/img/team/team-hover.png]
[themewagon.github.io/videograph/img/blog/blog-1.jpg]
[themewagon.github.io/videograph/img/blog/blog-2.jpg]
[themewagon.github.io/videograph/css/style.css]
[themewagon.github.io/videograph/img/breadcrumb-bg.jpg]
[themewagon.github.io/videograph/img/about/about-1.jpg]
[themewagon.github.io/videograph/img/about/about-2.jpg]
[themewagon.github.io/videograph/img/about/about-3.jpg]
[themewagon.github.io/videograph/img/testimonial-bg.jpg]
[themewagon.github.io/videograph/img/testimonial/ta-1.jpg]
[themewagon.github.io/videograph/img/testimonial/ta-2.jpg]
[themewagon.github.io/videograph/img/testimonial/ta-3.jpg]
[themewagon.github.io/videograph/about.html]
[themewagon.github.io/videograph/img/portfolio/portfolio-1.jpg]
[themewagon.github.io/videograph/img/portfolio/portfolio-2.jpg]
[themewagon.github.io/videograph/img/portfolio/portfolio-3.jpg]
[themewagon.github.io/videograph/img/portfolio/portfolio-4.jpg]
[themewagon.github.io/videograph/img/portfolio/portfolio-5.jpg]
[themewagon.github.io/videograph/img/portfolio/portfolio-6.jpg]
[themewagon.github.io/videograph/img/portfolio/portfolio-7.jpg]
[themewagon.github.io/videograph/img/portfolio/portfolio-8.jpg]
[themewagon.github.io/videograph/img/portfolio/portfolio-9.jpg]
[themewagon.github.io/videograph/portfolio.html]
[themewagon.github.io/videograph/img/calltos-bg.jpg]
[themewagon.github.io/videograph/img/logo/logo-1.png]
[themewagon.github.io/videograph/img/logo/logo-2.png]
[themewagon.github.io/videograph/img/logo/logo-3.png]
[themewagon.github.io/videograph/img/logo/logo-4.png]
[themewagon.github.io/videograph/img/logo/logo-5.png]
[themewagon.github.io/videograph/img/logo/logo-6.png]
[themewagon.github.io/videograph/services.html]
[themewagon.github.io/videograph/blog.html]
[themewagon.github.io/videograph/img/blog/blog-hero.jpg]
[themewagon.github.io/videograph/img/blog/prev.jpg]
[themewagon.github.io/videograph/img/blog/next.jpg]
[themewagon.github.io/videograph/img/blog/ri-1.jpg]
[themewagon.github.io/videograph/img/blog/ri-2.jpg]
[themewagon.github.io/videograph/img/blog/ri-3.jpg]
[themewagon.github.io/videograph/blog-details.html]
[themewagon.github.io/videograph/contact.html]
[themewagon.github.io/videograph/fonts/fontawesome-webfont3e6e.svg]
[themewagon.github.io/videograph/fonts/ElegantIcons.svg]
[themewagon.github.io/videograph/css/owl.video.play.html]
